MemTotal:        3919788 kB
MemFree:          678008 kB
MemAvailable:    3542236 kB
Buffers:          128836 kB
Cached:          2754384 kB
SwapCached:            0 kB
Active:          1466820 kB
Inactive:        1560016 kB
Active(anon):      94516 kB
Inactive(anon):    72232 kB
Active(file):    1372304 kB
Inactive(file):  1487784 kB
Unevictable:           0 kB
Mlocked:               0 kB
HighTotal:       3264512 kB
HighFree:         391964 kB
LowTotal:         655276 kB
LowFree:          286044 kB
SwapTotal:        102396 kB
SwapFree:         102396 kB
Dirty:             11100 kB
Writeback:             0 kB
AnonPages:        143664 kB
Mapped:           132708 kB
Shmem:             24144 kB
KReclaimable:     165836 kB
Slab:             186772 kB
SReclaimable:     165836 kB
SUnreclaim:        20936 kB
KernelStack:        1928 kB
PageTables:         4132 kB
NFS_Unstable:          0 kB
Bounce:                0 kB
WritebackTmp:          0 kB
CommitLimit:     2062288 kB
Committed_AS:     919900 kB
VmallocTotal:     245760 kB
VmallocUsed:        4948 kB
VmallocChunk:          0 kB
Percpu:              464 kB
CmaTotal:         262144 kB
CmaFree:          253860 kB
