MemTotal:        3919788 kB
MemFree:         2294232 kB
MemAvailable:    3676132 kB
Buffers:          112044 kB
Cached:          1374764 kB
SwapCached:         1108 kB
Active:          1474804 kB
Inactive:          67480 kB
Active(anon):       3648 kB
Inactive(anon):    55000 kB
Active(file):    1471156 kB
Inactive(file):    12480 kB
Unevictable:           0 kB
Mlocked:               0 kB
HighTotal:       3264512 kB
HighFree:        1825124 kB
LowTotal:         655276 kB
LowFree:          469108 kB
SwapTotal:        102396 kB
SwapFree:          80124 kB
Dirty:               184 kB
Writeback:             0 kB
AnonPages:         54572 kB
Mapped:            26280 kB
Shmem:              3032 kB
KReclaimable:      45064 kB
Slab:              60936 kB
SReclaimable:      45064 kB
SUnreclaim:        15872 kB
KernelStack:        1328 kB
PageTables:         2012 kB
NFS_Unstable:          0 kB
Bounce:                0 kB
WritebackTmp:          0 kB
CommitLimit:     2062288 kB
Committed_AS:     283376 kB
VmallocTotal:     245760 kB
VmallocUsed:        4688 kB
VmallocChunk:          0 kB
Percpu:              464 kB
CmaTotal:         262144 kB
CmaFree:          252480 kB
