MemTotal:        3919788 kB
MemFree:         3282920 kB
MemAvailable:    3391536 kB
Buffers:          156612 kB
Cached:            88048 kB
SwapCached:          600 kB
Active:           284752 kB
Inactive:         213280 kB
Active(anon):      89456 kB
Inactive(anon):   205012 kB
Active(file):     195296 kB
Inactive(file):     8268 kB
Unevictable:       23028 kB
Mlocked:               0 kB
HighTotal:       3264512 kB
HighFree:        2889044 kB
LowTotal:         655276 kB
LowFree:          393876 kB
SwapTotal:        102396 kB
SwapFree:          58620 kB
Dirty:               440 kB
Writeback:             0 kB
AnonPages:        276056 kB
Mapped:            52168 kB
Shmem:             41916 kB
KReclaimable:      50444 kB
Slab:              72960 kB
SReclaimable:      50444 kB
SUnreclaim:        22516 kB
KernelStack:        2576 kB
PageTables:         6892 kB
NFS_Unstable:          0 kB
Bounce:                0 kB
WritebackTmp:          0 kB
CommitLimit:     2062288 kB
Committed_AS:    1751776 kB
VmallocTotal:     245760 kB
VmallocUsed:        5024 kB
VmallocChunk:          0 kB
Percpu:              464 kB
CmaTotal:         262144 kB
CmaFree:          227304 kB
