MemTotal:        3919788 kB
MemFree:         2270044 kB
MemAvailable:    3656196 kB
Buffers:          111608 kB
Cached:          1402784 kB
SwapCached:            0 kB
Active:          1471652 kB
Inactive:         106264 kB
Active(anon):       2296 kB
Inactive(anon):    70204 kB
Active(file):    1469356 kB
Inactive(file):    36060 kB
Unevictable:           0 kB
Mlocked:               0 kB
HighTotal:       3264512 kB
HighFree:        1789404 kB
LowTotal:         655276 kB
LowFree:          480640 kB
SwapTotal:        102396 kB
SwapFree:         102396 kB
Dirty:               176 kB
Writeback:             0 kB
AnonPages:         63876 kB
Mapped:            53332 kB
Shmem:              8624 kB
KReclaimable:      34584 kB
Slab:              49512 kB
SReclaimable:      34584 kB
SUnreclaim:        14928 kB
KernelStack:        1264 kB
PageTables:         1688 kB
NFS_Unstable:          0 kB
Bounce:                0 kB
WritebackTmp:          0 kB
CommitLimit:     2062288 kB
Committed_AS:     276848 kB
VmallocTotal:     245760 kB
VmallocUsed:        4640 kB
VmallocChunk:          0 kB
Percpu:              464 kB
CmaTotal:         262144 kB
CmaFree:          255748 kB
