MemTotal:        3919788 kB
MemFree:          388508 kB
MemAvailable:    3347184 kB
Buffers:           69748 kB
Cached:          3008376 kB
SwapCached:          144 kB
Active:          2177436 kB
Inactive:        1180160 kB
Active(anon):     133336 kB
Inactive(anon):   185892 kB
Active(file):    2044100 kB
Inactive(file):   994268 kB
Unevictable:       22496 kB
Mlocked:               0 kB
HighTotal:       3264512 kB
HighFree:          62672 kB
LowTotal:         655276 kB
LowFree:          325836 kB
SwapTotal:        102396 kB
SwapFree:          91900 kB
Dirty:               180 kB
Writeback:             0 kB
AnonPages:        301920 kB
Mapped:            81224 kB
Shmem:             40736 kB
KReclaimable:      80956 kB
Slab:             105492 kB
SReclaimable:      80956 kB
SUnreclaim:        24536 kB
KernelStack:        2512 kB
PageTables:         6880 kB
NFS_Unstable:          0 kB
Bounce:                0 kB
WritebackTmp:          0 kB
CommitLimit:     2062288 kB
Committed_AS:    1742792 kB
VmallocTotal:     245760 kB
VmallocUsed:        5024 kB
VmallocChunk:          0 kB
Percpu:              464 kB
CmaTotal:         262144 kB
CmaFree:          229776 kB
