MemTotal:        3919796 kB
MemFree:         2452604 kB
MemAvailable:    3544112 kB
Buffers:          125320 kB
Cached:          1046576 kB
SwapCached:            0 kB
Active:           857460 kB
Inactive:         462580 kB
Active(anon):     147376 kB
Inactive(anon):    20980 kB
Active(file):     710084 kB
Inactive(file):   441600 kB
Unevictable:           0 kB
Mlocked:               0 kB
HighTotal:       3264512 kB
HighFree:        2055920 kB
LowTotal:         655284 kB
LowFree:          396684 kB
SwapTotal:        102396 kB
SwapFree:         102396 kB
Dirty:                 8 kB
Writeback:             0 kB
AnonPages:        148188 kB
Mapped:           129844 kB
Shmem:             21316 kB
KReclaimable:     101520 kB
Slab:             118940 kB
SReclaimable:     101520 kB
SUnreclaim:        17420 kB
KernelStack:        1848 kB
PageTables:         4096 kB
NFS_Unstable:          0 kB
Bounce:                0 kB
WritebackTmp:          0 kB
CommitLimit:     2062292 kB
Committed_AS:     933112 kB
VmallocTotal:     245760 kB
VmallocUsed:        4888 kB
VmallocChunk:          0 kB
Percpu:              464 kB
CmaTotal:         262144 kB
CmaFree:          255920 kB
