MemTotal:        3919788 kB
MemFree:          489904 kB
MemAvailable:    3382936 kB
Buffers:           35276 kB
Cached:          2993608 kB
SwapCached:          564 kB
Active:          1176624 kB
Inactive:        2113748 kB
Active(anon):      85536 kB
Inactive(anon):   216440 kB
Active(file):    1091088 kB
Inactive(file):  1897308 kB
Unevictable:       23024 kB
Mlocked:               0 kB
HighTotal:       3264512 kB
HighFree:         368480 kB
LowTotal:         655276 kB
LowFree:          121424 kB
SwapTotal:        102396 kB
SwapFree:          68604 kB
Dirty:                 8 kB
Writeback:             0 kB
AnonPages:        284044 kB
Mapped:            65600 kB
Shmem:             41480 kB
KReclaimable:      49616 kB
Slab:              72416 kB
SReclaimable:      49616 kB
SUnreclaim:        22800 kB
KernelStack:        2544 kB
PageTables:         6896 kB
NFS_Unstable:          0 kB
Bounce:                0 kB
WritebackTmp:          0 kB
CommitLimit:     2062288 kB
Committed_AS:    1749864 kB
VmallocTotal:     245760 kB
VmallocUsed:        5024 kB
VmallocChunk:          0 kB
Percpu:              464 kB
CmaTotal:         262144 kB
CmaFree:           63828 kB
