MemTotal:        3919788 kB
MemFree:         2785660 kB
MemAvailable:    3354028 kB
Buffers:          170784 kB
Cached:           531400 kB
SwapCached:            0 kB
Active:           556736 kB
Inactive:         426296 kB
Active(anon):     234616 kB
Inactive(anon):    91744 kB
Active(file):     322120 kB
Inactive(file):   334552 kB
Unevictable:       21972 kB
Mlocked:               0 kB
HighTotal:       3264512 kB
HighFree:        2414752 kB
LowTotal:         655276 kB
LowFree:          370908 kB
SwapTotal:        102396 kB
SwapFree:         102396 kB
Dirty:               148 kB
Writeback:             0 kB
AnonPages:        303008 kB
Mapped:           157052 kB
Shmem:             46364 kB
KReclaimable:      63732 kB
Slab:              84608 kB
SReclaimable:      63732 kB
SUnreclaim:        20876 kB
KernelStack:        2568 kB
PageTables:         7056 kB
NFS_Unstable:          0 kB
Bounce:                0 kB
WritebackTmp:          0 kB
CommitLimit:     2062288 kB
Committed_AS:    1720432 kB
VmallocTotal:     245760 kB
VmallocUsed:        5048 kB
VmallocChunk:          0 kB
Percpu:              464 kB
CmaTotal:         262144 kB
CmaFree:          242472 kB
