MemTotal:        3919788 kB
MemFree:         1872200 kB
MemAvailable:    3366032 kB
Buffers:          112508 kB
Cached:          1529660 kB
SwapCached:            0 kB
Active:          1790176 kB
Inactive:         134120 kB
Active(anon):     224360 kB
Inactive(anon):   103616 kB
Active(file):    1565816 kB
Inactive(file):    30504 kB
Unevictable:       21972 kB
Mlocked:               0 kB
HighTotal:       3264512 kB
HighFree:        1431824 kB
LowTotal:         655276 kB
LowFree:          440376 kB
SwapTotal:        102396 kB
SwapFree:         102396 kB
Dirty:               172 kB
Writeback:             0 kB
AnonPages:        304528 kB
Mapped:           156028 kB
Shmem:             46364 kB
KReclaimable:      35364 kB
Slab:              56484 kB
SReclaimable:      35364 kB
SUnreclaim:        21120 kB
KernelStack:        2520 kB
PageTables:         7040 kB
NFS_Unstable:          0 kB
Bounce:                0 kB
WritebackTmp:          0 kB
CommitLimit:     2062288 kB
Committed_AS:    1720456 kB
VmallocTotal:     245760 kB
VmallocUsed:        5048 kB
VmallocChunk:          0 kB
Percpu:              464 kB
CmaTotal:         262144 kB
CmaFree:          229152 kB
