MemTotal:        3919788 kB
MemFree:         2054744 kB
MemAvailable:    3378808 kB
Buffers:           14000 kB
Cached:          1459400 kB
SwapCached:           84 kB
Active:           869996 kB
Inactive:         884936 kB
Active(anon):     160752 kB
Inactive(anon):   160692 kB
Active(file):     709244 kB
Inactive(file):   724244 kB
Unevictable:       22496 kB
Mlocked:               0 kB
HighTotal:       3264512 kB
HighFree:        1485516 kB
LowTotal:         655276 kB
LowFree:          569228 kB
SwapTotal:        102396 kB
SwapFree:          93180 kB
Dirty:               388 kB
Writeback:             0 kB
AnonPages:        304328 kB
Mapped:            59420 kB
Shmem:             40464 kB
KReclaimable:      21496 kB
Slab:              44728 kB
SReclaimable:      21496 kB
SUnreclaim:        23232 kB
KernelStack:        2512 kB
PageTables:         6824 kB
NFS_Unstable:          0 kB
Bounce:                0 kB
WritebackTmp:          0 kB
CommitLimit:     2062288 kB
Committed_AS:    1733020 kB
VmallocTotal:     245760 kB
VmallocUsed:        5048 kB
VmallocChunk:          0 kB
Percpu:              464 kB
CmaTotal:         262144 kB
CmaFree:          243064 kB
