MemTotal:        3919788 kB
MemFree:         2475676 kB
MemAvailable:    3487668 kB
Buffers:          184160 kB
Cached:           918692 kB
SwapCached:         1532 kB
Active:           576296 kB
Inactive:         689052 kB
Active(anon):      82672 kB
Inactive(anon):    90532 kB
Active(file):     493624 kB
Inactive(file):   598520 kB
Unevictable:           0 kB
Mlocked:               0 kB
HighTotal:       3264512 kB
HighFree:        2171472 kB
LowTotal:         655276 kB
LowFree:          304204 kB
SwapTotal:        102396 kB
SwapFree:          91132 kB
Dirty:               312 kB
Writeback:             0 kB
AnonPages:        161656 kB
Mapped:           127828 kB
Shmem:             11908 kB
KReclaimable:     129192 kB
Slab:             151232 kB
SReclaimable:     129192 kB
SUnreclaim:        22040 kB
KernelStack:        1856 kB
PageTables:         4224 kB
NFS_Unstable:          0 kB
Bounce:                0 kB
WritebackTmp:          0 kB
CommitLimit:     2062288 kB
Committed_AS:     929880 kB
VmallocTotal:     245760 kB
VmallocUsed:        4868 kB
VmallocChunk:          0 kB
Percpu:              464 kB
CmaTotal:         262144 kB
CmaFree:          232364 kB
