MemTotal:        3919788 kB
MemFree:         2436876 kB
MemAvailable:    3685776 kB
Buffers:           20160 kB
Cached:          1345260 kB
SwapCached:         2352 kB
Active:          1040092 kB
Inactive:         380372 kB
Active(anon):      14904 kB
Inactive(anon):    43760 kB
Active(file):    1025188 kB
Inactive(file):   336612 kB
Unevictable:           0 kB
Mlocked:               0 kB
HighTotal:       3264512 kB
HighFree:        1858932 kB
LowTotal:         655276 kB
LowFree:          577944 kB
SwapTotal:        102396 kB
SwapFree:          78588 kB
Dirty:               312 kB
Writeback:             0 kB
AnonPages:         52968 kB
Mapped:            21396 kB
Shmem:              3476 kB
KReclaimable:      22732 kB
Slab:              39032 kB
SReclaimable:      22732 kB
SUnreclaim:        16300 kB
KernelStack:        1304 kB
PageTables:         2008 kB
NFS_Unstable:          0 kB
Bounce:                0 kB
WritebackTmp:          0 kB
CommitLimit:     2062288 kB
Committed_AS:     291708 kB
VmallocTotal:     245760 kB
VmallocUsed:        4688 kB
VmallocChunk:          0 kB
Percpu:              464 kB
CmaTotal:         262144 kB
CmaFree:          249824 kB
