MemTotal:        3919796 kB
MemFree:         3108864 kB
MemAvailable:    3554188 kB
Buffers:          104364 kB
Cached:           424872 kB
SwapCached:            0 kB
Active:           468984 kB
Inactive:         208452 kB
Active(anon):     147516 kB
Inactive(anon):    11932 kB
Active(file):     321468 kB
Inactive(file):   196520 kB
Unevictable:           0 kB
Mlocked:               0 kB
HighTotal:       3264512 kB
HighFree:        2677856 kB
LowTotal:         655284 kB
LowFree:          431008 kB
SwapTotal:        102396 kB
SwapFree:         102396 kB
Dirty:                16 kB
Writeback:             0 kB
AnonPages:        148320 kB
Mapped:           126388 kB
Shmem:             12268 kB
KReclaimable:      89032 kB
Slab:             105708 kB
SReclaimable:      89032 kB
SUnreclaim:        16676 kB
KernelStack:        1920 kB
PageTables:         4164 kB
NFS_Unstable:          0 kB
Bounce:                0 kB
WritebackTmp:          0 kB
CommitLimit:     2062292 kB
Committed_AS:     913792 kB
VmallocTotal:     245760 kB
VmallocUsed:        4840 kB
VmallocChunk:          0 kB
Percpu:              464 kB
CmaTotal:         262144 kB
CmaFree:          255948 kB
