MemTotal:        3919788 kB
MemFree:         1399416 kB
MemAvailable:    3368004 kB
Buffers:           68736 kB
Cached:          2037632 kB
SwapCached:           92 kB
Active:          1141560 kB
Inactive:        1244548 kB
Active(anon):     160900 kB
Inactive(anon):   158444 kB
Active(file):     980660 kB
Inactive(file):  1086104 kB
Unevictable:       22496 kB
Mlocked:               0 kB
HighTotal:       3264512 kB
HighFree:         908480 kB
LowTotal:         655276 kB
LowFree:          490936 kB
SwapTotal:        102396 kB
SwapFree:          93180 kB
Dirty:               296 kB
Writeback:             0 kB
AnonPages:        302116 kB
Mapped:            78600 kB
Shmem:             40572 kB
KReclaimable:      43988 kB
Slab:              67044 kB
SReclaimable:      43988 kB
SUnreclaim:        23056 kB
KernelStack:        2544 kB
PageTables:         6748 kB
NFS_Unstable:          0 kB
Bounce:                0 kB
WritebackTmp:          0 kB
CommitLimit:     2062288 kB
Committed_AS:    1742300 kB
VmallocTotal:     245760 kB
VmallocUsed:        5024 kB
VmallocChunk:          0 kB
Percpu:              464 kB
CmaTotal:         262144 kB
CmaFree:          243064 kB
